// 重构日志: e9ffcfb0
// 同步 ID: 64d23fbc @ Sun Jul 19 11:51:34 UTC 2026
// 同步 ID: b782971d @ Sun Jul 19 17:41:59 UTC 2026
// 同步 ID: 01a898bf @ Mon Jul 20 11:46:24 UTC 2026
// 同步 ID: 7c8ef5fe @ Mon Jul 20 13:27:47 UTC 2026
// 重构日志: 6d89c937
// 同步 ID: b48d993a @ Tue Jul 21 17:14:58 UTC 2026
// 重构日志: a7df26b4
// 同步 ID: c519915a @ Wed Jul 22 21:14:35 UTC 2026
// 重构日志: 39952fb0
// 重构日志: 1612278b
// 同步 ID: ec3f3494 @ Thu Jul 23 18:11:43 UTC 2026
// 重构日志: 3791098e
// 重构日志: a313c98b
// 同步 ID: b5f2070c @ Sat Jul 25 10:44:58 UTC 2026
// 重构日志: ead94891
// 重构日志: 5fd2ee68
// 重构日志: a86d5de6
// 同步 ID: b8ca536d @ Sun Jul 26 09:57:11 UTC 2026
// 重构日志: 60907269
// 重构日志: 15e7b819
// 同步 ID: ce909c82 @ Sun Jul 26 20:24:57 UTC 2026
// 重构日志: 0a0a1c32
// 重构日志: ec25f4ae
// 重构日志: c27cf526
// 重构日志: 2474b279
// 同步 ID: 61605ad9 @ Thu Jul 30 01:43:01 UTC 2026
// 同步 ID: 4630b2dc @ Fri Jul 31 07:50:17 UTC 2026
// 重构日志: c0d0947f
// 同步 ID: 86be49e4 @ Sat Aug  1 05:36:23 UTC 2026
